// Jest Snapshot v1, https://goo.gl/fbAQLP

exports[`should render Header correctly 1`] = `
<header>
  <h1>
    Expensify
  </h1>
  <div>
    <NavLink
      activeClassName="isActive"
      aria-current="page"
      exact={true}
      to="/"
    >
      Dashboard
    </NavLink>
    <NavLink
      activeClassName="isActive"
      aria-current="page"
      to="/create"
    >
      Create
    </NavLink>
    <NavLink
      activeClassName="isActive"
      aria-current="page"
      to="/help"
    >
      Help
    </NavLink>
  </div>
</header>
`;
