// Jest Snapshot v1, https://goo.gl/fbAQLP

exports[`should render Not Found page 1`] = `
<div>
  404 
  <[object Object]
    to="/"
  >
    Home
  </[object Object]>
</div>
`;
